hits:3 misses:3 evictions:0
hits:2 misses:4 evictions:2
hits:0 misses:6 evictions:5
hits:3 misses:3 evictions:2
hits:4 misses:2 evictions:0
hits:5 misses:1 evictions:0
hits:3 misses:3 evictions:0
hits:2 misses:4 evictions:2
hits:9 misses:8 evictions:6
hits:2 misses:3 evictions:1
hits:167 misses:71 evictions:67
hits:231 misses:7 evictions:0
hits:265189 misses:21775 evictions:21743
hits:3 misses:3 evictions:0
hits:2 misses:4 evictions:2
hits:0 misses:6 evictions:5
hits:3 misses:3 evictions:2
hits:4 misses:2 evictions:0
hits:5 misses:1 evictions:0
hits:3 misses:3 evictions:0
hits:2 misses:4 evictions:2
hits:9 misses:8 evictions:6
hits:2 misses:3 evictions:1
hits:167 misses:71 evictions:67
hits:231 misses:7 evictions:0
hits:265189 misses:21775 evictions:21743
