hits:3 misses:4 evictions:1
hits:2 misses:5 evictions:2
hits:2 misses:5 evictions:2
hits:1 misses:6 evictions:3
hits:4 misses:5 evictions:2
hits:201 misses:37 evictions:29
hits:212 misses:26 evictions:10
hits:8 misses:4 evictions:1
hits:11 misses:7 evictions:3
hits:9 misses:8 evictions:4
hits:61 misses:352 evictions:296
hits:52 misses:361 evictions:329
hits:194 misses:185 evictions:139
hits:171 misses:208 evictions:177
hits:265687 misses:26015 evictions:25983
hits:4 misses:5 evictions:2
hits:192 misses:46 evictions:38
hits:208 misses:30 evictions:14
hits:7 misses:5 evictions:2
hits:11 misses:7 evictions:3
hits:6 misses:11 evictions:7
hits:59 misses:354 evictions:298
hits:51 misses:362 evictions:330
hits:191 misses:188 evictions:142
hits:164 misses:215 evictions:184
hits:263447 misses:28255 evictions:28223
